// Jest Snapshot v1, https://goo.gl/fbAQLP

exports[`Modal component renders Modal 1`] = `
<div>
  <div
    class="capitalize fixed font-heading left-1/2 top-1/2 transform -translate-x-1/2 -translate-y-1/2 bg-yellow-400 rounded-2xl z-20 w-64 h-36 flex flex-col items-center justify-center text-lg"
  >
    <p>
      ohh you lost
    </p>
    <p>
      your score is 
      10
    </p>
    <button
      class="bg-black text-white py-2 px-4 rounded-xl capitalize mt-4"
    >
      Play again
    </button>
  </div>
  <div
    class="fixed z-10 top-0 bottom-0 left-0 right-0 w-full h-full bg-black opacity-70"
  />
</div>
`;
